Lorem ipsum dolor sit amet, consectetur adipiscing elit. Fusce bibendum magna non augue imperdiet placerat. Praesent tempor, eros eu varius fringilla, lectus justo tempor nulla, a scelerisque massa dui ut purus. Nulla in erat convallis, blandit sem vel, eleifend sem. Etiam hendrerit venenatis urna, id luctus mi varius eu. Morbi sapien turpis, vulputate sit amet lorem nec, lobortis ornare tortor. Fusce ornare volutpat velit, eu commodo justo varius sit amet. Aenean dictum laoreet ultrices. Quisque efficitur, enim nec cursus sagittis, enim sapien auctor lacus, ut auctor lacus dui id mauris. Aliquam nisl est, ornare consectetur velit vitae, bibendum efficitur est. Nulla a velit lorem. Aliquam ut rutrum arcu. Duis efficitur vel massa ac consectetur. Proin scelerisque purus odio.

Vestibulum volutpat, elit bibendum elementum dapibus, mauris libero faucibus neque, in feugiat massa libero id tellus. Nulla porttitor magna nec arcu volutpat mollis. Nullam tempus ex est, at consequat nunc suscipit quis. Duis hendrerit ac eros ac bibendum. Aenean arcu quam, dictum eget tortor sed, mollis feugiat risus. Mauris eget augue justo. Nulla eget augue elementum, egestas ex sed, lacinia neque. Donec porttitor urna at diam pulvinar scelerisque. Suspendisse non malesuada odio. Fusce consectetur maximus lorem, nec venenatis quam.

Fusce sit amet iaculis libero. Integer eleifend mattis lacinia. Integer sed nisl eu ligula scelerisque porttitor. Nam feugiat metus metus. Pellentesque auctor diam venenatis, varius magna vitae, ultrices sapien. Etiam lacinia orci a dui aliquet, sit amet tempus neque elementum. Cras non urna luctus urna dignissim dictum in id magna. Ut imperdiet felis leo, vel suscipit arcu egestas ac. Vivamus lectus massa, mollis nec sodales ut, pretium ac velit. Etiam non dui ante. Maecenas orci velit, fermentum sed elit vel, sollicitudin iaculis odio. Aliquam eu varius libero. Etiam sem velit, hendrerit ac suscipit eget, egestas sed magna. Maecenas imperdiet dui non leo pharetra scelerisque. Morbi vel tincidunt orci. Quisque posuere tortor vel tristique sodales.

In in dapibus purus. Suspendisse lectus libero, eleifend pulvinar mi non, varius auctor leo. Aliquam erat volutpat. Vestibulum in leo at mauris sodales pulvinar. Proin volutpat risus felis, eu mollis nisl porttitor sit amet. Phasellus vel tortor nisl. In at convallis tellus. Duis eu hendrerit tortor, id consectetur nunc.

Suspendisse quis erat nisl. Vivamus ut est vitae odio facilisis pulvinar. Morbi eu malesuada justo. Proin accumsan semper euismod. Interdum et malesuada fames ac ante ipsum primis in faucibus. Pellentesque dolor arcu, lacinia non ipsum pharetra, euismod commodo eros. Suspendisse vestibulum sem quam, vel egestas orci faucibus at. Vestibulum ante ipsum primis in faucibus orci luctus et ultrices posuere cubilia Curae; In sodales ex eget enim tempor, ac tristique metus viverra. Sed eget iaculis massa. Interdum et malesuada fames ac ante ipsum primis in faucibus. Morbi nec varius lectus. Etiam tristique ante facilisis enim vehicula, sed tristique nisl auctor.
